---
http_interactions:
- request:
    method: post
    uri: https://training.canvasmedical.com/auth/token
    body:
      encoding: UTF-8
      string: client_id=<CLIENT_ID>&client_secret=<CLIENT_SECRET>&grant_type=client_credentials
    headers:
      User-Agent:
      - Faraday v1.9.3
      Content-Type:
      - application/x-www-form-urlencoded
      Accept-Encoding:
      - gzip;q=1.0,deflate;q=0.6,identity;q=0.3
      Accept:
      - "*/*"
  response:
    status:
      code: 301
      message: Moved Permanently
    headers:
      Date:
      - Fri, 04 Mar 2022 23:50:42 GMT
      Content-Type:
      - text/html; charset=utf-8
      Content-Length:
      - '0'
      Connection:
      - keep-alive
      Server:
      - nginx
      Location:
      - "/auth/token/"
      Referrer-Policy:
      - strict-origin
      X-Content-Type-Options:
      - nosniff
      X-Xss-Protection:
      - 1; mode=block
      Vary:
      - Origin
      Content-Security-Policy-Report-Only:
      - 'block-all-mixed-content; img-src ''self'' data: https://*.canvasmedical.com
        https://127.0.0.1:* https://canvas-client-media.s3.amazonaws.com https://canvas-medical.s3-us-west-2.amazonaws.com
        https://canvas-medical.s3.us-west-2.amazonaws.com https://canvasmedical.com
        https://cdnjs.cloudflare.com https://d31eck28xxyyiu.cloudfront.net https://d3hn0m4rbsz438.cloudfront.net
        https://q.stripe.com https://s3-us-west-2.amazonaws.com; frame-src self https://*.canvasmedical.com
        https://canvas-client-media.s3.amazonaws.com https://js.stripe.com; frame-ancestors
        ''none''; default-src ''self'' https://*.canvasmedical.com https://canvasmedical.com
        https://d31eck28xxyyiu.cloudfront.net; object-src ''self'' https://canvas-client-media.s3.amazonaws.com;
        style-src ''self'' https://*.canvasmedical.com https://canvasmedical.com https://cdnjs.cloudflare.com
        https://checkout.stripe.com https://code.jquery.com https://d31eck28xxyyiu.cloudfront.net
        https://d3hn0m4rbsz438.cloudfront.net https://fonts.googleapis.com https://maxcdn.bootstrapcdn.com
        https://s3-us-west-2.amazonaws.com https://web-sdk.aptrinsic.com; script-src
        ''self'' ''unsafe-eval'' https://cdnjs.cloudflare.com https://checkout.stripe.com
        https://js.stripe.com https://code.jquery.com https://d31eck28xxyyiu.cloudfront.net
        https://d3hn0m4rbsz438.cloudfront.net https://maxcdn.bootstrapcdn.com https://web-sdk.aptrinsic.com;
        connect-src http://127.0.0.1:* https://*.canvasmedical.com https://sentry.canvasmedical.com
        wss://*.canvasmedical.com wss://127.0.0.1:* https://d31eck28xxyyiu.cloudfront.net
        https://esp.aptrinsic.com; font-src ''self'' data: https://cdnjs.cloudflare.com
        https://d31eck28xxyyiu.cloudfront.net https://d3hn0m4rbsz438.cloudfront.net
        https://fonts.googleapis.com https://fonts.gstatic.com; upgrade-insecure-requests;
        report-uri https://canvas.report-uri.com/r/d/csp/enforce'
      Strict-Transport-Security:
      - max-age=31536000
    body:
      encoding: UTF-8
      string: ''
  recorded_at: Fri, 04 Mar 2022 23:50:42 GMT
- request:
    method: post
    uri: https://training.canvasmedical.com/auth/token/
    body:
      encoding: UTF-8
      string: client_id=<CLIENT_ID>&client_secret=<CLIENT_SECRET>&grant_type=client_credentials
    headers:
      User-Agent:
      - Faraday v1.9.3
      Content-Type:
      - application/x-www-form-urlencoded
      Accept-Encoding:
      - gzip;q=1.0,deflate;q=0.6,identity;q=0.3
      Accept:
      - "*/*"
  response:
    status:
      code: 200
      message: OK
    headers:
      Date:
      - Fri, 04 Mar 2022 23:50:42 GMT
      Content-Type:
      - application/json
      Transfer-Encoding:
      - chunked
      Connection:
      - keep-alive
      Server:
      - nginx
      Vary:
      - Accept-Encoding
      - Cookie, Origin
      Cache-Control:
      - no-store
      Pragma:
      - no-cache
      X-Frame-Options:
      - SAMEORIGIN
      Referrer-Policy:
      - strict-origin
      X-Content-Type-Options:
      - nosniff
      X-Xss-Protection:
      - 1; mode=block
      Content-Security-Policy-Report-Only:
      - 'block-all-mixed-content; img-src ''self'' data: https://*.canvasmedical.com
        https://127.0.0.1:* https://canvas-client-media.s3.amazonaws.com https://canvas-medical.s3-us-west-2.amazonaws.com
        https://canvas-medical.s3.us-west-2.amazonaws.com https://canvasmedical.com
        https://cdnjs.cloudflare.com https://d31eck28xxyyiu.cloudfront.net https://d3hn0m4rbsz438.cloudfront.net
        https://q.stripe.com https://s3-us-west-2.amazonaws.com; frame-src self https://*.canvasmedical.com
        https://canvas-client-media.s3.amazonaws.com https://js.stripe.com; frame-ancestors
        ''none''; default-src ''self'' https://*.canvasmedical.com https://canvasmedical.com
        https://d31eck28xxyyiu.cloudfront.net; object-src ''self'' https://canvas-client-media.s3.amazonaws.com;
        style-src ''self'' https://*.canvasmedical.com https://canvasmedical.com https://cdnjs.cloudflare.com
        https://checkout.stripe.com https://code.jquery.com https://d31eck28xxyyiu.cloudfront.net
        https://d3hn0m4rbsz438.cloudfront.net https://fonts.googleapis.com https://maxcdn.bootstrapcdn.com
        https://s3-us-west-2.amazonaws.com https://web-sdk.aptrinsic.com; script-src
        ''self'' ''unsafe-eval'' https://cdnjs.cloudflare.com https://checkout.stripe.com
        https://js.stripe.com https://code.jquery.com https://d31eck28xxyyiu.cloudfront.net
        https://d3hn0m4rbsz438.cloudfront.net https://maxcdn.bootstrapcdn.com https://web-sdk.aptrinsic.com;
        connect-src http://127.0.0.1:* https://*.canvasmedical.com https://sentry.canvasmedical.com
        wss://*.canvasmedical.com wss://127.0.0.1:* https://d31eck28xxyyiu.cloudfront.net
        https://esp.aptrinsic.com; font-src ''self'' data: https://cdnjs.cloudflare.com
        https://d31eck28xxyyiu.cloudfront.net https://d3hn0m4rbsz438.cloudfront.net
        https://fonts.googleapis.com https://fonts.gstatic.com; upgrade-insecure-requests;
        report-uri https://canvas.report-uri.com/r/d/csp/enforce'
      Strict-Transport-Security:
      - max-age=31536000
    body:
      encoding: ASCII-8BIT
      string: '{"access_token": "IuzFt5MFkG5Ujw24BMSLFufNLZR4ha", "expires_in": 36000,
        "token_type": "Bearer", "scope": "launch launch/patient offline_access openid
        fhirUser user/*.read user/*.write user/*.* user/AllergyIntolerance.read user/AllergyIntolerance.write
        user/AllergyIntolerance.* user/CarePlan.read user/CarePlan.write user/CarePlan.*
        user/CareTeam.read user/CareTeam.write user/CareTeam.* user/Condition.read
        user/Condition.write user/Condition.* user/Device.read user/Device.write user/Device.*
        user/DiagnosticReport.read user/DiagnosticReport.write user/DiagnosticReport.*
        user/DocumentReference.read user/DocumentReference.write user/DocumentReference.*
        user/Encounter.read user/Encounter.write user/Encounter.* user/Goal.read user/Goal.write
        user/Goal.* user/Immunization.read user/Immunization.write user/Immunization.*
        user/Location.read user/Location.write user/Location.* user/Medication.read
        user/Medication.write user/Medication.* user/MedicationRequest.read user/MedicationRequest.write
        user/MedicationRequest.* user/Observation.read user/Observation.write user/Observation.*
        user/Organization.read user/Organization.write user/Organization.* user/Patient.read
        user/Patient.write user/Patient.* user/Practitioner.read user/Practitioner.write
        user/Practitioner.* user/Procedure.read user/Procedure.write user/Procedure.*
        user/Provenance.read user/Provenance.write user/Provenance.* patient/Medication.read
        patient/AllergyIntolerance.read patient/CarePlan.read patient/CareTeam.read
        patient/Condition.read patient/Device.read patient/DiagnosticReport.read patient/DocumentReference.read
        patient/Encounter.read patient/Goal.read patient/Immunization.read patient/Location.read
        patient/MedicationRequest.read patient/Observation.read patient/Organization.read
        patient/Patient.read patient/Practitioner.read patient/Procedure.read patient/Provenance.read",
        "smart_style_url": "https://canvas-storages.s3.us-west-2.amazonaws.com/fhir-static-resources/smart-style.json"}'
  recorded_at: Fri, 04 Mar 2022 23:50:42 GMT
- request:
    method: get
    uri: https://fhir-training.canvasmedical.com/Schedule
    body:
      encoding: US-ASCII
      string: ''
    headers:
      User-Agent:
      - Faraday v1.9.3
      Accept:
      - application/json
      Authorization:
      - Bearer IuzFt5MFkG5Ujw24BMSLFufNLZR4ha
      Accept-Encoding:
      - gzip;q=1.0,deflate;q=0.6,identity;q=0.3
  response:
    status:
      code: 200
      message: OK
    headers:
      Date:
      - Fri, 04 Mar 2022 23:50:43 GMT
      Content-Type:
      - application/fhir+json; charset=UTF-8
      Content-Length:
      - '653'
      Connection:
      - keep-alive
      Server:
      - nginx
      Access-Control-Allow-Methods:
      - GET, POST, PUT, DELETE, OPTIONS
      Access-Control-Allow-Origin:
      - "*"
      Access-Control-Expose-Headers:
      - Content-Location, Location
      Strict-Transport-Security:
      - max-age=31536000
    body:
      encoding: ASCII-8BIT
      string: '{"resourceType":"Bundle","type":"searchset","total":18,"entry":[{"resource":{"resourceType":"Schedule","id":"Location.1-Staff.c2ff4546548e46ab8959af887b563eab","text":{"div":"<div
        xmlns=\"http://www.w3.org/1999/xhtml\">Schedule for Saharsh Patel MD at Training
        Clinic</div>"},"actor":[{"reference":"Practitioner/c2ff4546548e46ab8959af887b563eab"}],"comment":"Schedule
        for Saharsh Patel MD at Training Clinic"}},{"resource":{"resourceType":"Schedule","id":"Location.1-Staff.fc87cbb2525f4c5eb50294f620c7a15e","text":{"div":"<div
        xmlns=\"http://www.w3.org/1999/xhtml\">Schedule for Michael Zimmerman MD at
        Training Clinic</div>"},"actor":[{"reference":"Practitioner/fc87cbb2525f4c5eb50294f620c7a15e"}],"comment":"Schedule
        for Michael Zimmerman MD at Training Clinic"}},{"resource":{"resourceType":"Schedule","id":"Location.1-Staff.6c20b7152cf7421791c5ab4113060b3f","text":{"div":"<div
        xmlns=\"http://www.w3.org/1999/xhtml\">Schedule for Annalies Hines NP at Training
        Clinic</div>"},"actor":[{"reference":"Practitioner/6c20b7152cf7421791c5ab4113060b3f"}],"comment":"Schedule
        for Annalies Hines NP at Training Clinic"}},{"resource":{"resourceType":"Schedule","id":"Location.1-Staff.883f7147517e444fb746cdac3860b0dc","text":{"div":"<div
        xmlns=\"http://www.w3.org/1999/xhtml\">Schedule for Sean Connolly MD at Training
        Clinic</div>"},"actor":[{"reference":"Practitioner/883f7147517e444fb746cdac3860b0dc"}],"comment":"Schedule
        for Sean Connolly MD at Training Clinic"}},{"resource":{"resourceType":"Schedule","id":"Location.1-Staff.67483652de9a4547b3db81e20e811940","text":{"div":"<div
        xmlns=\"http://www.w3.org/1999/xhtml\">Schedule for Deepti Koranne MD at Training
        Clinic</div>"},"actor":[{"reference":"Practitioner/67483652de9a4547b3db81e20e811940"}],"comment":"Schedule
        for Deepti Koranne MD at Training Clinic"}},{"resource":{"resourceType":"Schedule","id":"Location.1-Staff.ec51485ccb1e4ecbb22bab731e23eda2","text":{"div":"<div
        xmlns=\"http://www.w3.org/1999/xhtml\">Schedule for Nneka Cruz MD at Training
        Clinic</div>"},"actor":[{"reference":"Practitioner/ec51485ccb1e4ecbb22bab731e23eda2"}],"comment":"Schedule
        for Nneka Cruz MD at Training Clinic"}},{"resource":{"resourceType":"Schedule","id":"Location.4-Staff.c2ff4546548e46ab8959af887b563eab","text":{"div":"<div
        xmlns=\"http://www.w3.org/1999/xhtml\">Schedule for Saharsh Patel MD at Training
        Clinic 2</div>"},"actor":[{"reference":"Practitioner/c2ff4546548e46ab8959af887b563eab"}],"comment":"Schedule
        for Saharsh Patel MD at Training Clinic 2"}},{"resource":{"resourceType":"Schedule","id":"Location.4-Staff.fc87cbb2525f4c5eb50294f620c7a15e","text":{"div":"<div
        xmlns=\"http://www.w3.org/1999/xhtml\">Schedule for Michael Zimmerman MD at
        Training Clinic 2</div>"},"actor":[{"reference":"Practitioner/fc87cbb2525f4c5eb50294f620c7a15e"}],"comment":"Schedule
        for Michael Zimmerman MD at Training Clinic 2"}},{"resource":{"resourceType":"Schedule","id":"Location.4-Staff.6c20b7152cf7421791c5ab4113060b3f","text":{"div":"<div
        xmlns=\"http://www.w3.org/1999/xhtml\">Schedule for Annalies Hines NP at Training
        Clinic 2</div>"},"actor":[{"reference":"Practitioner/6c20b7152cf7421791c5ab4113060b3f"}],"comment":"Schedule
        for Annalies Hines NP at Training Clinic 2"}},{"resource":{"resourceType":"Schedule","id":"Location.4-Staff.883f7147517e444fb746cdac3860b0dc","text":{"div":"<div
        xmlns=\"http://www.w3.org/1999/xhtml\">Schedule for Sean Connolly MD at Training
        Clinic 2</div>"},"actor":[{"reference":"Practitioner/883f7147517e444fb746cdac3860b0dc"}],"comment":"Schedule
        for Sean Connolly MD at Training Clinic 2"}},{"resource":{"resourceType":"Schedule","id":"Location.4-Staff.67483652de9a4547b3db81e20e811940","text":{"div":"<div
        xmlns=\"http://www.w3.org/1999/xhtml\">Schedule for Deepti Koranne MD at Training
        Clinic 2</div>"},"actor":[{"reference":"Practitioner/67483652de9a4547b3db81e20e811940"}],"comment":"Schedule
        for Deepti Koranne MD at Training Clinic 2"}},{"resource":{"resourceType":"Schedule","id":"Location.4-Staff.ec51485ccb1e4ecbb22bab731e23eda2","text":{"div":"<div
        xmlns=\"http://www.w3.org/1999/xhtml\">Schedule for Nneka Cruz MD at Training
        Clinic 2</div>"},"actor":[{"reference":"Practitioner/ec51485ccb1e4ecbb22bab731e23eda2"}],"comment":"Schedule
        for Nneka Cruz MD at Training Clinic 2"}},{"resource":{"resourceType":"Schedule","id":"Location.6-Staff.c2ff4546548e46ab8959af887b563eab","text":{"div":"<div
        xmlns=\"http://www.w3.org/1999/xhtml\">Schedule for Saharsh Patel MD at Test</div>"},"actor":[{"reference":"Practitioner/c2ff4546548e46ab8959af887b563eab"}],"comment":"Schedule
        for Saharsh Patel MD at Test"}},{"resource":{"resourceType":"Schedule","id":"Location.6-Staff.fc87cbb2525f4c5eb50294f620c7a15e","text":{"div":"<div
        xmlns=\"http://www.w3.org/1999/xhtml\">Schedule for Michael Zimmerman MD at
        Test</div>"},"actor":[{"reference":"Practitioner/fc87cbb2525f4c5eb50294f620c7a15e"}],"comment":"Schedule
        for Michael Zimmerman MD at Test"}},{"resource":{"resourceType":"Schedule","id":"Location.6-Staff.6c20b7152cf7421791c5ab4113060b3f","text":{"div":"<div
        xmlns=\"http://www.w3.org/1999/xhtml\">Schedule for Annalies Hines NP at Test</div>"},"actor":[{"reference":"Practitioner/6c20b7152cf7421791c5ab4113060b3f"}],"comment":"Schedule
        for Annalies Hines NP at Test"}},{"resource":{"resourceType":"Schedule","id":"Location.6-Staff.883f7147517e444fb746cdac3860b0dc","text":{"div":"<div
        xmlns=\"http://www.w3.org/1999/xhtml\">Schedule for Sean Connolly MD at Test</div>"},"actor":[{"reference":"Practitioner/883f7147517e444fb746cdac3860b0dc"}],"comment":"Schedule
        for Sean Connolly MD at Test"}},{"resource":{"resourceType":"Schedule","id":"Location.6-Staff.67483652de9a4547b3db81e20e811940","text":{"div":"<div
        xmlns=\"http://www.w3.org/1999/xhtml\">Schedule for Deepti Koranne MD at Test</div>"},"actor":[{"reference":"Practitioner/67483652de9a4547b3db81e20e811940"}],"comment":"Schedule
        for Deepti Koranne MD at Test"}},{"resource":{"resourceType":"Schedule","id":"Location.6-Staff.ec51485ccb1e4ecbb22bab731e23eda2","text":{"div":"<div
        xmlns=\"http://www.w3.org/1999/xhtml\">Schedule for Nneka Cruz MD at Test</div>"},"actor":[{"reference":"Practitioner/ec51485ccb1e4ecbb22bab731e23eda2"}],"comment":"Schedule
        for Nneka Cruz MD at Test"}}]}'
  recorded_at: Fri, 04 Mar 2022 23:50:43 GMT
recorded_with: VCR 6.0.0
