// Jest Snapshot v1, https://goo.gl/fbAQLP

exports[`Arrow Back renders without props 1`] = `"<svg height=\\"16\\" viewBox=\\"0 0 10 16\\" width=\\"10\\" xmlns=\\"http://www.w3.org/2000/svg\\"><path d=\\"m401.034779 24.5989021v10h10\\" fill=\\"none\\" stroke=\\"#fff\\" stroke-width=\\"2\\" transform=\\"matrix(.70710678 .70710678 -.70710678 .70710678 -257.145582 -299.440628)\\"></path></svg>"`;
